[=========                              ] 25%                                   > Task :shared:preBuild UP-TO-DATE
> Task :shared:preDebugBuild UP-TO-DATE
> Task :shared:processDebugNavigationResources UP-TO-DATE
> Task :shared:generateDebugResources UP-TO-DATE
> Task :shared:packageDebugResources UP-TO-DATE
> Task :shared:parseDebugLocalResources UP-TO-DATE
> Task :shared:generateDebugRFile UP-TO-DATE
> Task :shared:compileDebugKotlin UP-TO-DATE
> Task :shared:javaPreCompileDebug UP-TO-DATE
> Task :shared:compileDebugJavaWithJavac NO-SOURCE
> Task :shared:bundleLibCompileToJarDebug UP-TO-DATE
> Task :shared:generateDebugAssets UP-TO-DATE
> Task :shared:mergeDebugAssets UP-TO-DATE
> Task :shared:processDebugJavaRes UP-TO-DATE
> Task :shared:bundleLibRuntimeToJarDebug UP-TO-DATE
> Task :shared:writeDebugAarMetadata UP-TO-DATE
> Task :shared:extractDeepLinksDebug UP-TO-DATE
> Task :shared:processDebugManifest UP-TO-DATE
> Task :shared:mapDebugSourceSetPaths UP-TO-DATE
> Task :shared:compileDebugLibraryResources UP-TO-DATE
> Task :shared:mergeDebugJniLibFolders UP-TO-DATE
> Task :shared:mergeDebugNativeLibs NO-SOURCE
> Task :shared:copyDebugJniLibsProjectOnly UP-TO-DATE
> Task :app:preBuild UP-TO-DATE
> Task :app:preFullDebugBuild UP-TO-DATE
> Task :app:mergeFullDebugNativeDebugMetadata NO-SOURCE
> Task :app:generateFullDebugBuildConfig UP-TO-DATE
> Task :app:generateFullDebugResources UP-TO-DATE
> Task :app:packageFullDebugResources UP-TO-DATE
> Task :app:processFullDebugNavigationResources UP-TO-DATE
> Task :app:parseFullDebugLocalResources UP-TO-DATE
> Task :app:generateFullDebugRFile UP-TO-DATE
> Task :app:kspFullDebugKotlin UP-TO-DATE
> Task :app:compileFullDebugKotlin UP-TO-DATE
> Task :app:javaPreCompileFullDebug UP-TO-DATE
> Task :app:compileFullDebugJavaWithJavac UP-TO-DATE
> Task :app:generateFullDebugAssets UP-TO-DATE
> Task :app:mergeFullDebugAssets UP-TO-DATE
> Task :app:compressFullDebugAssets UP-TO-DATE
> Task :app:generateFullDebugGlobalSynthetics UP-TO-DATE
> Task :app:l8DexDesugarLibFullDebug UP-TO-DATE
> Task :app:checkFullDebugDuplicateClasses UP-TO-DATE
> Task :app:desugarFullDebugFileDependencies UP-TO-DATE
> Task :app:mergeExtDexFullDebug UP-TO-DATE
> Task :app:processFullDebugJavaRes UP-TO-DATE
> Task :app:mergeFullDebugJavaResource UP-TO-DATE
> Task :app:mergeLibDexFullDebug UP-TO-DATE
> Task :app:hiltSyncFullDebug UP-TO-DATE
> Task :app:hiltAggregateDepsFullDebug UP-TO-DATE
> Task :app:hiltJavaCompileFullDebug UP-TO-DATE
> Task :app:checkFullDebugAarMetadata UP-TO-DATE
> Task :app:mapFullDebugSourceSetPaths UP-TO-DATE
> Task :app:compileFullDebugNavigationResources UP-TO-DATE
> Task :app:mergeFullDebugResources UP-TO-DATE
> Task :app:createFullDebugCompatibleScreenManifests UP-TO-DATE
> Task :app:extractDeepLinksFullDebug UP-TO-DATE
> Task :app:processFullDebugMainManifest UP-TO-DATE
> Task :app:processFullDebugManifest UP-TO-DATE
> Task :app:processFullDebugManifestForPackage UP-TO-DATE
> Task :app:processFullDebugResources UP-TO-DATE
> Task :app:preLiteDebugBuild UP-TO-DATE
> Task :app:configureCMakeDebug[arm64-v8a]
> Task :app:buildCMakeDebug[arm64-v8a]
> Task :app:configureCMakeDebug[x86]
> Task :app:buildCMakeDebug[x86]
> Task :app:mergeFullDebugJniLibFolders UP-TO-DATE
> Task :app:mergeFullDebugNativeLibs UP-TO-DATE
> Task :app:stripFullDebugDebugSymbols UP-TO-DATE
> Task :app:validateSigningFullDebug UP-TO-DATE
> Task :app:writeFullDebugAppMetadata UP-TO-DATE
> Task :app:writeFullDebugSigningConfigVersions UP-TO-DATE
