[=========                              ] 25%                                   > Task :app:preBuild UP-TO-DATE
> Task :shared:preBuild UP-TO-DATE
> Task :app:preLiteBenchmarkReleaseBuild UP-TO-DATE
> Task :shared:preReleaseBuild UP-TO-DATE
> Task :shared:mergeReleaseJniLibFolders UP-TO-DATE
> Task :shared:mergeReleaseNativeLibs NO-SOURCE
> Task :shared:copyReleaseJniLibsProjectOnly UP-TO-DATE
> Task :shared:prepareReleaseArtProfile UP-TO-DATE
> Task :shared:generateReleaseResources UP-TO-DATE
> Task :shared:packageReleaseResources UP-TO-DATE
> Task :shared:processReleaseNavigationResources UP-TO-DATE
> Task :shared:parseReleaseLocalResources UP-TO-DATE
> Task :shared:generateReleaseRFile UP-TO-DATE
> Task :shared:compileReleaseKotlin UP-TO-DATE
> Task :shared:javaPreCompileRelease UP-TO-DATE
> Task :shared:compileReleaseJavaWithJavac NO-SOURCE
> Task :shared:mergeReleaseGeneratedProguardFiles
> Task :app:configureCMakeRelWithDebInfo[arm64-v8a]
> Task :shared:exportReleaseConsumerProguardFiles
> Task :shared:writeReleaseAarMetadata UP-TO-DATE
> Task :shared:extractDeepLinksRelease UP-TO-DATE
> Task :shared:processReleaseManifest UP-TO-DATE
> Task :shared:mapReleaseSourceSetPaths UP-TO-DATE
> Task :shared:compileReleaseLibraryResources UP-TO-DATE
> Task :app:buildCMakeRelWithDebInfo[arm64-v8a]
> Task :shared:processReleaseJavaRes
> Task :shared:generateReleaseAssets UP-TO-DATE
> Task :shared:mergeReleaseAssets UP-TO-DATE
> Task :app:configureCMakeRelWithDebInfo[armeabi-v7a]
> Task :app:buildCMakeRelWithDebInfo[armeabi-v7a]
> Task :app:configureCMakeRelWithDebInfo[x86_64]
> Task :app:buildCMakeRelWithDebInfo[x86_64]
> Task :app:preFullReleaseBuild UP-TO-DATE
> Task :app:mergeFullReleaseJniLibFolders UP-TO-DATE
> Task :shared:bundleLibRuntimeToJarRelease
> Task :shared:bundleLibCompileToJarRelease
> Task :app:mergeFullReleaseNativeLibs UP-TO-DATE
> Task :app:mergeFullReleaseArtProfile UP-TO-DATE
> Task :app:expandFullReleaseL8ArtProfileWildcards
> Task :app:checkFullReleaseDuplicateClasses
> Task :app:generateFullReleaseBuildConfig
> Task :app:stripFullReleaseDebugSymbols
> Task :app:generateFullReleaseResources
> Task :app:extractFullReleaseNativeSymbolTables
> Task :app:packageFullReleaseResources
> Task :app:mergeFullReleaseNativeDebugMetadata
> Task :app:processFullReleaseNavigationResources
> Task :app:parseFullReleaseLocalResources
> Task :app:generateFullReleaseRFile
> Task :app:javaPreCompileFullRelease
> Task :app:mapFullReleaseSourceSetPaths
> Task :app:compileFullReleaseNavigationResources
> Task :app:checkFullReleaseAarMetadata
> Task :app:createFullReleaseCompatibleScreenManifests
> Task :app:extractDeepLinksFullRelease
> Task :app:processFullReleaseMainManifest
> Task :app:processFullReleaseManifest
> Task :app:extractProguardFiles
> Task :app:mergeFullReleaseStartupProfile
> Task :app:generateFullReleaseAssets UP-TO-DATE
> Task :app:mergeFullReleaseResources
> Task :app:mergeFullReleaseAssets
> Task :app:compressFullReleaseAssets
> Task :app:extractFullReleaseVersionControlInfo
> Task :app:collectFullReleaseDependencies
> Task :app:sdkFullReleaseDependencyData
> Task :app:validateSigningFullRelease
> Task :app:writeFullReleaseAppMetadata
> Task :app:writeFullReleaseSigningConfigVersions
> Task :app:preLiteReleaseBuild UP-TO-DATE
> Task :app:mergeLiteReleaseJniLibFolders
> Task :app:mergeLiteReleaseArtProfile
> Task :app:kspFullReleaseKotlin
> Task :app:checkLiteReleaseDuplicateClasses
> Task :app:expandLiteReleaseL8ArtProfileWildcards
> Task :app:generateLiteReleaseBuildConfig
> Task :app:generateLiteReleaseResources
> Task :app:mergeLiteReleaseNativeLibs
> Task :app:packageLiteReleaseResources
> Task :app:processLiteReleaseNavigationResources
> Task :app:parseLiteReleaseLocalResources
> Task :app:stripLiteReleaseDebugSymbols
> Task :app:processFullReleaseManifestForPackage
> Task :app:generateLiteReleaseRFile
> Task :app:extractLiteReleaseNativeSymbolTables
> Task :app:javaPreCompileLiteRelease
> Task :app:checkLiteReleaseAarMetadata
> Task :app:mapLiteReleaseSourceSetPaths
> Task :app:compileLiteReleaseNavigationResources
> Task :app:mergeLiteReleaseNativeDebugMetadata

> Task :app:kspFullReleaseKotlin
w: [ksp] E:/PixelPlayer-master/app/src/main/java/com/theveloper/pixelplay/data/database/MusicDao.kt:452:  com.theveloper.pixelplay.`data`.database.SongEntity has some properties [title_sort_key, artist_sort_key, album_sort_key] which are not returned by the query. If they are not supposed to be read from the result, you can mark them with @Ignore annotation. You can suppress this warning by annotating the function with @SuppressWarnings(RoomWarnings.QUERY_MISMATCH). Columns returned by the query: id, title, artist_name, artist_id, album_artist, album_name, album_id, content_uri_string, album_art_uri_string, duration, genre, file_path, parent_directory_path, is_favorite, lyrics, track_number, disc_number, year, date_added, date_modified, mime_type, bitrate, sample_rate, telegram_chat_id, telegram_file_id, artists_json, source_type.
w: [ksp] E:/PixelPlayer-master/app/src/main/java/com/theveloper/pixelplay/data/database/MusicDao.kt:458:  com.theveloper.pixelplay.`data`.database.SongEntity has some properties [title_sort_key, artist_sort_key, album_sort_key] which are not returned by the query. If they are not supposed to be read from the result, you can mark them with @Ignore annotation. You can suppress this warning by annotating the function with @SuppressWarnings(RoomWarnings.QUERY_MISMATCH). Columns returned by the query: id, title, artist_name, artist_id, album_artist, album_name, album_id, content_uri_string, album_art_uri_string, duration, genre, file_path, parent_directory_path, is_favorite, lyrics, track_number, disc_number, year, date_added, date_modified, mime_type, bitrate, sample_rate, telegram_chat_id, telegram_file_id, artists_json, source_type.
w: [ksp] E:/PixelPlayer-master/app/src/main/java/com/theveloper/pixelplay/data/database/MusicDao.kt:482:  com.theveloper.pixelplay.`data`.database.SongEntity has some properties [title_sort_key, artist_sort_key, album_sort_key] which are not returned by the query. If they are not supposed to be read from the result, you can mark them with @Ignore annotation. You can suppress this warning by annotating the function with @SuppressWarnings(RoomWarnings.QUERY_MISMATCH). Columns returned by the query: id, title, artist_name, artist_id, album_artist, album_name, album_id, content_uri_string, album_art_uri_string, duration, genre, file_path, parent_directory_path, is_favorite, lyrics, track_number, disc_number, year, date_added, date_modified, mime_type, bitrate, sample_rate, telegram_chat_id, telegram_file_id, artists_json, source_type.
w: [ksp] E:/PixelPlayer-master/app/src/main/java/com/theveloper/pixelplay/data/database/MusicDao.kt:491:  com.theveloper.pixelplay.`data`.database.SongEntity has some properties [title_sort_key, artist_sort_key, album_sort_key] which are not returned by the query. If they are not supposed to be read from the result, you can mark them with @Ignore annotation. You can suppress this warning by annotating the function with @SuppressWarnings(RoomWarnings.QUERY_MISMATCH). Columns returned by the query: id, title, artist_name, artist_id, album_artist, album_name, album_id, content_uri_string, album_art_uri_string, duration, genre, file_path, parent_directory_path, is_favorite, lyrics, track_number, disc_number, year, date_added, date_modified, mime_type, bitrate, sample_rate, telegram_chat_id, telegram_file_id, artists_json, source_type.
w: [ksp] E:/PixelPlayer-master/app/src/main/java/com/theveloper/pixelplay/data/database/MusicDao.kt:501:  com.theveloper.pixelplay.`data`.database.SongEntity has some properties [title_sort_key, artist_sort_key, album_sort_key] which are not returned by the query. If they are not supposed to be read from the result, you can mark them with @Ignore annotation. You can suppress this warning by annotating the function with @SuppressWarnings(RoomWarnings.QUERY_MISMATCH). Columns returned by the query: id, title, artist_name, artist_id, album_artist, album_name, album_id, content_uri_string, album_art_uri_string, duration, genre, file_path, parent_directory_path, is_favorite, lyrics, track_number, disc_number, year, date_added, date_modified, mime_type, bitrate, sample_rate, telegram_chat_id, telegram_file_id, artists_json, source_type.
w: [ksp] E:/PixelPlayer-master/app/src/main/java/com/theveloper/pixelplay/data/database/MusicDao.kt:508:  com.theveloper.pixelplay.`data`.database.SongEntity has some properties [title_sort_key, artist_sort_key, album_sort_key] which are not returned by the query. If they are not supposed to be read from the result, you can mark them with @Ignore annotation. You can suppress this warning by annotating the function with @SuppressWarnings(RoomWarnings.QUERY_MISMATCH). Columns returned by the query: id, title, artist_name, artist_id, album_artist, album_name, album_id, content_uri_string, album_art_uri_string, duration, genre, file_path, parent_directory_path, is_favorite, lyrics, track_number, disc_number, year, date_added, date_modified, mime_type, bitrate, sample_rate, telegram_chat_id, telegram_file_id, artists_json, source_type.
w: [ksp] E:/PixelPlayer-master/app/src/main/java/com/theveloper/pixelplay/data/database/MusicDao.kt:661:  com.theveloper.pixelplay.`data`.database.SongEntity has some properties [title_sort_key, artist_sort_key, album_sort_key] which are not returned by the query. If they are not supposed to be read from the result, you can mark them with @Ignore annotation. You can suppress this warning by annotating the function with @SuppressWarnings(RoomWarnings.QUERY_MISMATCH). Columns returned by the query: id, title, artist_name, artist_id, album_artist, album_name, album_id, content_uri_string, album_art_uri_string, duration, genre, file_path, parent_directory_path, is_favorite, lyrics, track_number, disc_number, year, date_added, date_modified, mime_type, bitrate, sample_rate, telegram_chat_id, telegram_file_id, artists_json, source_type.
w: [ksp] E:/PixelPlayer-master/app/src/main/java/com/theveloper/pixelplay/data/database/MusicDao.kt:671:  com.theveloper.pixelplay.`data`.database.SongEntity has some properties [title_sort_key, artist_sort_key, album_sort_key] which are not returned by the query. If they are not supposed to be read from the result, you can mark them with @Ignore annotation. You can suppress this warning by annotating the function with @SuppressWarnings(RoomWarnings.QUERY_MISMATCH). Columns returned by the query: id, title, artist_name, artist_id, album_artist, album_name, album_id, content_uri_string, album_art_uri_string, duration, genre, file_path, parent_directory_path, is_favorite, lyrics, track_number, disc_number, year, date_added, date_modified, mime_type, bitrate, sample_rate, telegram_chat_id, telegram_file_id, artists_json, source_type.
w: [ksp] E:/PixelPlayer-master/app/src/main/java/com/theveloper/pixelplay/data/database/MusicDao.kt:689:  com.theveloper.pixelplay.`data`.database.SongEntity has some properties [title_sort_key, artist_sort_key, album_sort_key] which are not returned by the query. If they are not supposed to be read from the result, you can mark them with @Ignore annotation. You can suppress this warning by annotating the function with @SuppressWarnings(RoomWarnings.QUERY_MISMATCH). Columns returned by the query: id, title, artist_name, artist_id, album_artist, album_name, album_id, content_uri_string, album_art_uri_string, duration, genre, file_path, parent_directory_path, is_favorite, lyrics, track_number, disc_number, year, date_added, date_modified, mime_type, bitrate, sample_rate, telegram_chat_id, telegram_file_id, artists_json, source_type.
w: [ksp] E:/PixelPlayer-master/app/src/main/java/com/theveloper/pixelplay/data/database/MusicDao.kt:701:  com.theveloper.pixelplay.`data`.database.SongEntity has some properties [title_sort_key, artist_sort_key, album_sort_key] which are not returned by the query. If they are not supposed to be read from the result, you can mark them with @Ignore annotation. You can suppress this warning by annotating the function with @SuppressWarnings(RoomWarnings.QUERY_MISMATCH). Columns returned by the query: id, title, artist_name, artist_id, album_artist, album_name, album_id, content_uri_string, album_art_uri_string, duration, genre, file_path, parent_directory_path, is_favorite, lyrics, track_number, disc_number, year, date_added, date_modified, mime_type, bitrate, sample_rate, telegram_chat_id, telegram_file_id, artists_json, source_type.
w: [ksp] E:/PixelPlayer-master/app/src/main/java/com/theveloper/pixelplay/data/database/MusicDao.kt:879:  com.theveloper.pixelplay.`data`.database.SongEntity has some properties [title_sort_key, artist_sort_key, album_sort_key] which are not returned by the query. If they are not supposed to be read from the result, you can mark them with @Ignore annotation. You can suppress this warning by annotating the function with @SuppressWarnings(RoomWarnings.QUERY_MISMATCH). Columns returned by the query: id, title, artist_name, artist_id, album_artist, album_name, album_id, content_uri_string, album_art_uri_string, duration, genre, file_path, parent_directory_path, is_favorite, lyrics, track_number, disc_number, year, date_added, date_modified, mime_type, bitrate, sample_rate, telegram_chat_id, telegram_file_id, artists_json, source_type.
w: [ksp] E:/PixelPlayer-master/app/src/main/java/com/theveloper/pixelplay/data/database/MusicDao.kt:982:  com.theveloper.pixelplay.`data`.database.SongEntity has some properties [title_sort_key, artist_sort_key, album_sort_key] which are not returned by the query. If they are not supposed to be read from the result, you can mark them with @Ignore annotation. You can suppress this warning by annotating the function with @SuppressWarnings(RoomWarnings.QUERY_MISMATCH). Columns returned by the query: id, title, artist_name, artist_id, album_artist, album_name, album_id, content_uri_string, album_art_uri_string, duration, genre, file_path, parent_directory_path, is_favorite, lyrics, track_number, disc_number, year, date_added, date_modified, mime_type, bitrate, sample_rate, telegram_chat_id, telegram_file_id, artists_json, source_type.
w: [ksp] E:/PixelPlayer-master/app/src/main/java/com/theveloper/pixelplay/data/database/MusicDao.kt:1825:  com.theveloper.pixelplay.`data`.database.SongEntity has some properties [title_sort_key, artist_sort_key, album_sort_key] which are not returned by the query. If they are not supposed to be read from the result, you can mark them with @Ignore annotation. You can suppress this warning by annotating the function with @SuppressWarnings(RoomWarnings.QUERY_MISMATCH). Columns returned by the query: id, title, artist_name, artist_id, album_artist, album_name, album_id, content_uri_string, album_art_uri_string, duration, genre, file_path, parent_directory_path, is_favorite, lyrics, track_number, disc_number, year, date_added, date_modified, mime_type, bitrate, sample_rate, telegram_chat_id, telegram_file_id, artists_json, source_type.
w: [ksp] E:/PixelPlayer-master/app/src/main/java/com/theveloper/pixelplay/data/database/MusicDao.kt:1843:  com.theveloper.pixelplay.utils.AudioMeta has some properties [channels, bitDepth, fileSize] which are not returned by the query. If they are not supposed to be read from the result, you can mark them with @Ignore annotation. You can suppress this warning by annotating the function with @SuppressWarnings(RoomWarnings.QUERY_MISMATCH). Columns returned by the query: mimeType, bitrate, sampleRate.

> Task :app:processFullReleaseResources

> Task :app:kspLiteReleaseKotlin
w: [ksp] E:/PixelPlayer-master/app/src/main/java/com/theveloper/pixelplay/data/database/MusicDao.kt:452:  com.theveloper.pixelplay.`data`.database.SongEntity has some properties [title_sort_key, artist_sort_key, album_sort_key] which are not returned by the query. If they are not supposed to be read from the result, you can mark them with @Ignore annotation. You can suppress this warning by annotating the function with @SuppressWarnings(RoomWarnings.QUERY_MISMATCH). Columns returned by the query: id, title, artist_name, artist_id, album_artist, album_name, album_id, content_uri_string, album_art_uri_string, duration, genre, file_path, parent_directory_path, is_favorite, lyrics, track_number, disc_number, year, date_added, date_modified, mime_type, bitrate, sample_rate, telegram_chat_id, telegram_file_id, artists_json, source_type.
w: [ksp] E:/PixelPlayer-master/app/src/main/java/com/theveloper/pixelplay/data/database/MusicDao.kt:458:  com.theveloper.pixelplay.`data`.database.SongEntity has some properties [title_sort_key, artist_sort_key, album_sort_key] which are not returned by the query. If they are not supposed to be read from the result, you can mark them with @Ignore annotation. You can suppress this warning by annotating the function with @SuppressWarnings(RoomWarnings.QUERY_MISMATCH). Columns returned by the query: id, title, artist_name, artist_id, album_artist, album_name, album_id, content_uri_string, album_art_uri_string, duration, genre, file_path, parent_directory_path, is_favorite, lyrics, track_number, disc_number, year, date_added, date_modified, mime_type, bitrate, sample_rate, telegram_chat_id, telegram_file_id, artists_json, source_type.
w: [ksp] E:/PixelPlayer-master/app/src/main/java/com/theveloper/pixelplay/data/database/MusicDao.kt:482:  com.theveloper.pixelplay.`data`.database.SongEntity has some properties [title_sort_key, artist_sort_key, album_sort_key] which are not returned by the query. If they are not supposed to be read from the result, you can mark them with @Ignore annotation. You can suppress this warning by annotating the function with @SuppressWarnings(RoomWarnings.QUERY_MISMATCH). Columns returned by the query: id, title, artist_name, artist_id, album_artist, album_name, album_id, content_uri_string, album_art_uri_string, duration, genre, file_path, parent_directory_path, is_favorite, lyrics, track_number, disc_number, year, date_added, date_modified, mime_type, bitrate, sample_rate, telegram_chat_id, telegram_file_id, artists_json, source_type.
w: [ksp] E:/PixelPlayer-master/app/src/main/java/com/theveloper/pixelplay/data/database/MusicDao.kt:491:  com.theveloper.pixelplay.`data`.database.SongEntity has some properties [title_sort_key, artist_sort_key, album_sort_key] which are not returned by the query. If they are not supposed to be read from the result, you can mark them with @Ignore annotation. You can suppress this warning by annotating the function with @SuppressWarnings(RoomWarnings.QUERY_MISMATCH). Columns returned by the query: id, title, artist_name, artist_id, album_artist, album_name, album_id, content_uri_string, album_art_uri_string, duration, genre, file_path, parent_directory_path, is_favorite, lyrics, track_number, disc_number, year, date_added, date_modified, mime_type, bitrate, sample_rate, telegram_chat_id, telegram_file_id, artists_json, source_type.
w: [ksp] E:/PixelPlayer-master/app/src/main/java/com/theveloper/pixelplay/data/database/MusicDao.kt:501:  com.theveloper.pixelplay.`data`.database.SongEntity has some properties [title_sort_key, artist_sort_key, album_sort_key] which are not returned by the query. If they are not supposed to be read from the result, you can mark them with @Ignore annotation. You can suppress this warning by annotating the function with @SuppressWarnings(RoomWarnings.QUERY_MISMATCH). Columns returned by the query: id, title, artist_name, artist_id, album_artist, album_name, album_id, content_uri_string, album_art_uri_string, duration, genre, file_path, parent_directory_path, is_favorite, lyrics, track_number, disc_number, year, date_added, date_modified, mime_type, bitrate, sample_rate, telegram_chat_id, telegram_file_id, artists_json, source_type.
w: [ksp] E:/PixelPlayer-master/app/src/main/java/com/theveloper/pixelplay/data/database/MusicDao.kt:508:  com.theveloper.pixelplay.`data`.database.SongEntity has some properties [title_sort_key, artist_sort_key, album_sort_key] which are not returned by the query. If they are not supposed to be read from the result, you can mark them with @Ignore annotation. You can suppress this warning by annotating the function with @SuppressWarnings(RoomWarnings.QUERY_MISMATCH). Columns returned by the query: id, title, artist_name, artist_id, album_artist, album_name, album_id, content_uri_string, album_art_uri_string, duration, genre, file_path, parent_directory_path, is_favorite, lyrics, track_number, disc_number, year, date_added, date_modified, mime_type, bitrate, sample_rate, telegram_chat_id, telegram_file_id, artists_json, source_type.
w: [ksp] E:/PixelPlayer-master/app/src/main/java/com/theveloper/pixelplay/data/database/MusicDao.kt:661:  com.theveloper.pixelplay.`data`.database.SongEntity has some properties [title_sort_key, artist_sort_key, album_sort_key] which are not returned by the query. If they are not supposed to be read from the result, you can mark them with @Ignore annotation. You can suppress this warning by annotating the function with @SuppressWarnings(RoomWarnings.QUERY_MISMATCH). Columns returned by the query: id, title, artist_name, artist_id, album_artist, album_name, album_id, content_uri_string, album_art_uri_string, duration, genre, file_path, parent_directory_path, is_favorite, lyrics, track_number, disc_number, year, date_added, date_modified, mime_type, bitrate, sample_rate, telegram_chat_id, telegram_file_id, artists_json, source_type.
w: [ksp] E:/PixelPlayer-master/app/src/main/java/com/theveloper/pixelplay/data/database/MusicDao.kt:671:  com.theveloper.pixelplay.`data`.database.SongEntity has some properties [title_sort_key, artist_sort_key, album_sort_key] which are not returned by the query. If they are not supposed to be read from the result, you can mark them with @Ignore annotation. You can suppress this warning by annotating the function with @SuppressWarnings(RoomWarnings.QUERY_MISMATCH). Columns returned by the query: id, title, artist_name, artist_id, album_artist, album_name, album_id, content_uri_string, album_art_uri_string, duration, genre, file_path, parent_directory_path, is_favorite, lyrics, track_number, disc_number, year, date_added, date_modified, mime_type, bitrate, sample_rate, telegram_chat_id, telegram_file_id, artists_json, source_type.
w: [ksp] E:/PixelPlayer-master/app/src/main/java/com/theveloper/pixelplay/data/database/MusicDao.kt:689:  com.theveloper.pixelplay.`data`.database.SongEntity has some properties [title_sort_key, artist_sort_key, album_sort_key] which are not returned by the query. If they are not supposed to be read from the result, you can mark them with @Ignore annotation. You can suppress this warning by annotating the function with @SuppressWarnings(RoomWarnings.QUERY_MISMATCH). Columns returned by the query: id, title, artist_name, artist_id, album_artist, album_name, album_id, content_uri_string, album_art_uri_string, duration, genre, file_path, parent_directory_path, is_favorite, lyrics, track_number, disc_number, year, date_added, date_modified, mime_type, bitrate, sample_rate, telegram_chat_id, telegram_file_id, artists_json, source_type.
w: [ksp] E:/PixelPlayer-master/app/src/main/java/com/theveloper/pixelplay/data/database/MusicDao.kt:701:  com.theveloper.pixelplay.`data`.database.SongEntity has some properties [title_sort_key, artist_sort_key, album_sort_key] which are not returned by the query. If they are not supposed to be read from the result, you can mark them with @Ignore annotation. You can suppress this warning by annotating the function with @SuppressWarnings(RoomWarnings.QUERY_MISMATCH). Columns returned by the query: id, title, artist_name, artist_id, album_artist, album_name, album_id, content_uri_string, album_art_uri_string, duration, genre, file_path, parent_directory_path, is_favorite, lyrics, track_number, disc_number, year, date_added, date_modified, mime_type, bitrate, sample_rate, telegram_chat_id, telegram_file_id, artists_json, source_type.
w: [ksp] E:/PixelPlayer-master/app/src/main/java/com/theveloper/pixelplay/data/database/MusicDao.kt:879:  com.theveloper.pixelplay.`data`.database.SongEntity has some properties [title_sort_key, artist_sort_key, album_sort_key] which are not returned by the query. If they are not supposed to be read from the result, you can mark them with @Ignore annotation. You can suppress this warning by annotating the function with @SuppressWarnings(RoomWarnings.QUERY_MISMATCH). Columns returned by the query: id, title, artist_name, artist_id, album_artist, album_name, album_id, content_uri_string, album_art_uri_string, duration, genre, file_path, parent_directory_path, is_favorite, lyrics, track_number, disc_number, year, date_added, date_modified, mime_type, bitrate, sample_rate, telegram_chat_id, telegram_file_id, artists_json, source_type.
w: [ksp] E:/PixelPlayer-master/app/src/main/java/com/theveloper/pixelplay/data/database/MusicDao.kt:982:  com.theveloper.pixelplay.`data`.database.SongEntity has some properties [title_sort_key, artist_sort_key, album_sort_key] which are not returned by the query. If they are not supposed to be read from the result, you can mark them with @Ignore annotation. You can suppress this warning by annotating the function with @SuppressWarnings(RoomWarnings.QUERY_MISMATCH). Columns returned by the query: id, title, artist_name, artist_id, album_artist, album_name, album_id, content_uri_string, album_art_uri_string, duration, genre, file_path, parent_directory_path, is_favorite, lyrics, track_number, disc_number, year, date_added, date_modified, mime_type, bitrate, sample_rate, telegram_chat_id, telegram_file_id, artists_json, source_type.
w: [ksp] E:/PixelPlayer-master/app/src/main/java/com/theveloper/pixelplay/data/database/MusicDao.kt:1825:  com.theveloper.pixelplay.`data`.database.SongEntity has some properties [title_sort_key, artist_sort_key, album_sort_key] which are not returned by the query. If they are not supposed to be read from the result, you can mark them with @Ignore annotation. You can suppress this warning by annotating the function with @SuppressWarnings(RoomWarnings.QUERY_MISMATCH). Columns returned by the query: id, title, artist_name, artist_id, album_artist, album_name, album_id, content_uri_string, album_art_uri_string, duration, genre, file_path, parent_directory_path, is_favorite, lyrics, track_number, disc_number, year, date_added, date_modified, mime_type, bitrate, sample_rate, telegram_chat_id, telegram_file_id, artists_json, source_type.
w: [ksp] E:/PixelPlayer-master/app/src/main/java/com/theveloper/pixelplay/data/database/MusicDao.kt:1843:  com.theveloper.pixelplay.utils.AudioMeta has some properties [channels, bitDepth, fileSize] which are not returned by the query. If they are not supposed to be read from the result, you can mark them with @Ignore annotation. You can suppress this warning by annotating the function with @SuppressWarnings(RoomWarnings.QUERY_MISMATCH). Columns returned by the query: mimeType, bitrate, sampleRate.

> Task :app:createLiteReleaseCompatibleScreenManifests
> Task :app:extractDeepLinksLiteRelease
> Task :app:processLiteReleaseMainManifest
> Task :app:processLiteReleaseManifest
